{"guid":"cd6229d2472eeeb3","level":"info","message":"login"}
{"guid":"b6c923170a2b7b0b","level":"info","message":"login"}
{"guid":"c1e9006d6ba08ce7","level":"info","message":"login"}
{"guid":"d085d8775338337a","level":"info","message":"login"}
{"guid":"5d553d5912c70a5d","level":"info","message":"login"}
{"guid":"60d7b44b4ea13dee","level":"info","message":"login"}
{"guid":"318f2366bd0ebb77","level":"info","message":"login"}
{"guid":"0824435b57c5f904","level":"info","message":"login"}
{"guid":"0a9efb56f50dbac7","level":"info","message":"login"}
{"guid":"1e99eefda18fbde4","level":"info","message":"login"}
{"guid":"f0a3538c1a6e514e","level":"info","message":"login"}
{"guid":"2e23599f0b6dda76","level":"info","message":"login"}
{"guid":"53174fb97660a2f8","level":"info","message":"login"}
{"guid":"2c95d727d7bd1cee","level":"info","message":"login"}
{"guid":"f1861eebce44d9b5","level":"info","message":"login"}
{"guid":"bbfba0a7d52acfbc","level":"info","message":"login"}
{"guid":"5180b0cbf279580a","level":"info","message":"login"}
{"guid":"b2f078a4a4e6591f","level":"info","message":"login"}
{"guid":"a705152db26ac3bc","level":"info","message":"login"}
{"guid":"354f25b8bbbad542","level":"info","message":"login"}
{"guid":"1004837d3ba7d89a","level":"info","message":"login"}
{"guid":"3583ace72bd4561c","level":"info","message":"login"}
{"guid":"4fe62bd9535e2f5e","level":"info","message":"login"}
{"guid":"f83d64695de9e3e0","level":"info","message":"login"}
{"guid":"041352d60bdb9221","level":"info","message":"login"}
{"guid":"9231fd8a337f0646","level":"info","message":"login"}
{"guid":"ac4cc39a4f0fe04f","level":"info","message":"login"}
{"guid":"7b4c03e0fb4ea169","level":"info","message":"login"}
{"guid":"c446be479ccc8f1a","level":"info","message":"login"}
{"guid":"33d27a19b3bbc00c","level":"info","message":"login"}
{"guid":"52c664fa2bfa2ca5","level":"info","message":"login"}
{"guid":"c0d3296118d5967f","level":"info","message":"login"}
{"guid":"7d3e3ab610a0a052","level":"info","message":"login"}
{"guid":"63e7e9ed6ae7c3a2","level":"info","message":"login"}
{"guid":"f215f01dde8caa82","level":"info","message":"login"}
{"guid":"630af4607bbb5690","level":"info","message":"login"}
{"guid":"3210f7b443c0ec44","level":"info","message":"login"}
{"guid":"32b2dd32880343b3","level":"info","message":"login"}
{"guid":"c008699ecb014cb2","level":"info","message":"login"}
{"guid":"fc5a28308aa9b1fe","level":"info","message":"login"}
{"guid":"16414f8be1f1a00f","level":"info","message":"login"}
{"guid":"a17c067981c47afc","level":"info","message":"login"}
{"guid":"b0678c1164b38336","level":"info","message":"login"}
{"guid":"443a9bcd22feb25d","level":"info","message":"login"}
{"guid":"93e04340b9197c26","level":"info","message":"login"}
{"guid":"481b75399ba37529","level":"info","message":"login"}
{"guid":"06d0016519c7692d","level":"info","message":"login"}
{"guid":"847f4c0197fc7a81","level":"info","message":"login"}
{"guid":"e954b2f3bf170ada","level":"info","message":"login"}
{"guid":"6b23455c06b5833b","level":"info","message":"login"}
{"guid":"718fcf61feb6400f","level":"info","message":"login"}
{"guid":"9038e2d544854c91","level":"info","message":"login"}
{"guid":"5af5899b1cedc634","level":"info","message":"login"}
{"guid":"8137a36719a20372","level":"info","message":"login"}
{"guid":"44b3ad43310797a3","level":"info","message":"login"}
{"guid":"2ee5494ae4686c28","level":"info","message":"login"}
{"guid":"e6c4b5a69230fd20","level":"info","message":"login"}
{"guid":"7f2426ced80668f4","level":"info","message":"login"}
{"guid":"cfe1f194a638eea5","level":"info","message":"login"}
{"guid":"f77365f41708ccc6","level":"info","message":"login"}
{"guid":"da9358deaad11523","level":"info","message":"login"}
{"guid":"f520288e943a9ec7","level":"info","message":"login"}
{"guid":"4fa283587b8b1992","level":"info","message":"login"}
{"guid":"ec5c86635cc2389e","level":"info","message":"login"}
{"guid":"89bf9e3011fb641b","level":"info","message":"login"}
{"guid":"eadbfcb0c14a5609","level":"info","message":"login"}
{"guid":"7826515671c3ec52","level":"info","message":"login"}
{"guid":"05708db519a6e515","level":"info","message":"login"}
{"guid":"bb714a6d6fc48937","level":"info","message":"login"}
{"guid":"cd24a83370e3a0ae","level":"info","message":"login"}
{"guid":"8b1ea4f56567a903","level":"info","message":"login"}
{"guid":"c34c0e36fa76ad32","level":"info","message":"login"}
{"guid":"47306be6ec9861bb","level":"info","message":"login"}
{"guid":"fd99bf414e44c9f6","level":"info","message":"login"}
{"guid":"a437d19e84c13083","level":"info","message":"login"}
{"guid":"1e65946f7912cc8f","level":"info","message":"login"}
{"guid":"1bb795a331c64ceb","level":"info","message":"login"}
{"guid":"9ffb2504772f158f","level":"info","message":"login"}
{"guid":"f68883c0a05023fd","level":"info","message":"login"}
{"guid":"9c296291b2811925","level":"info","message":"login"}
{"guid":"130b972d49983762","level":"info","message":"login"}
{"guid":"7df1e267930a9148","level":"info","message":"login"}
{"guid":"0d7002678d378364","level":"info","message":"login"}
{"guid":"80714105b4d8bb57","level":"info","message":"login"}
{"guid":"f8a485674880d613","level":"info","message":"login"}
{"guid":"c27507169d23de54","level":"info","message":"login"}
{"guid":"16992376178eb418","level":"info","message":"login"}
{"guid":"3bb15b891a840cf5","level":"info","message":"login"}
{"guid":"e7b0a9e7ee90589c","level":"info","message":"login"}
{"guid":"7c7c3ee06fbfa110","level":"info","message":"login"}
{"guid":"fac0a719a0949353","level":"info","message":"login"}
{"guid":"ff781b84acf428fe","level":"info","message":"login"}
{"guid":"99d1e43a4011fcaa","level":"info","message":"login"}
{"guid":"0d3d2af12e52c711","level":"info","message":"login"}
{"guid":"c5b3e2708a8d892f","level":"info","message":"login"}
{"guid":"e44f724ebec4a271","level":"info","message":"login"}
{"guid":"554d5c41d6314da8","level":"info","message":"login"}
{"guid":"b87bce9ae8e54872","level":"info","message":"login"}
{"guid":"4d495b8f8d85aab8","level":"info","message":"login"}
{"guid":"f7b3a8d999f97ffe","level":"info","message":"login"}
{"guid":"77bcb252833b40df","level":"info","message":"login"}
{"guid":"08034e97ccdfc34a","level":"info","message":"login"}
{"guid":"bea7c82a3c099495","level":"info","message":"login"}
{"guid":"3af8be9526f28f3f","level":"info","message":"login"}
{"guid":"460505f1ef82ade9","level":"info","message":"login"}
{"guid":"39b8116b344b05e2","level":"info","message":"login"}
{"guid":"c081cce9e38d8deb","level":"info","message":"login"}
{"guid":"3917bbc5a7d75fc6","level":"info","message":"login"}
{"guid":"f99071aa656caae0","level":"info","message":"login"}
{"guid":"1e9b6a552e632d06","level":"info","message":"login"}
{"guid":"6f3e4e044944aa25","level":"info","message":"login"}
{"guid":"85e7b6818739afb4","level":"info","message":"login"}
{"guid":"5f73cb7627838825","level":"info","message":"login"}
{"guid":"02cc66c24fbc97c2","level":"info","message":"login"}
{"guid":"08fdadf1a8156c4a","level":"info","message":"login"}
{"guid":"6549c699fd4e2426","level":"info","message":"login"}
{"guid":"546ec7ea436175b2","level":"info","message":"login"}
{"guid":"72c81a3fc23072f1","level":"info","message":"login"}
{"guid":"fc3e9f0830d24686","level":"info","message":"login"}
{"guid":"a9d0baf9992ab001","level":"info","message":"login"}
{"guid":"5e3d4cab6dc5b62a","level":"info","message":"login"}
{"guid":"5e223a94741da756","level":"info","message":"login"}
{"guid":"4a3716b633f57307","level":"info","message":"login"}
{"guid":"a17dcd9fc73de2ea","level":"info","message":"login"}
{"guid":"2dc2bd724accf30a","level":"info","message":"login"}
{"guid":"6f47dc86fc18b33e","level":"info","message":"login"}
{"guid":"a7146bc955cf9d74","level":"info","message":"login"}
{"guid":"6da8a16f748b1144","level":"info","message":"login"}
{"guid":"c8142fb349aec61e","level":"info","message":"login"}
{"guid":"9859263d88c10fe6","level":"info","message":"login"}
{"guid":"59903bf0dba63c7d","level":"info","message":"login"}
{"guid":"d70823b7c8598b60","level":"info","message":"login"}
{"guid":"29ad5fea6ff11d2e","level":"info","message":"login"}
{"guid":"3e3ae402b51fd48b","level":"info","message":"login"}
{"guid":"c80328c22a543641","level":"info","message":"login"}
{"guid":"3ebbe35314640199","level":"info","message":"login"}
{"guid":"d26a78d166d91584","level":"info","message":"login"}
{"guid":"676f7b2daa16dd82","level":"info","message":"login"}
{"guid":"1ac30d59a768feab","level":"info","message":"login"}
{"guid":"840d3bcb134db505","level":"info","message":"login"}
{"guid":"fe9829b1af00fe3f","level":"info","message":"login"}
{"guid":"de4d15486beaae7f","level":"info","message":"login"}
{"guid":"fc35839782f99f3d","level":"info","message":"login"}
{"guid":"6e8df27c4a14648e","level":"info","message":"login"}
{"guid":"1aa70721b7b85f35","level":"info","message":"login"}
{"guid":"2191ce8a27b117dc","level":"info","message":"login"}
{"guid":"b3ec2bad0ed1431f","level":"info","message":"login"}
{"guid":"7a42948360aacb64","level":"info","message":"login"}
{"guid":"2a51d6022c6172ce","level":"info","message":"login"}
{"guid":"3cf45408b33ef7aa","level":"info","message":"login"}
{"guid":"896fa803444c8b48","level":"info","message":"login"}
{"guid":"179fe8924bc92782","level":"info","message":"login"}
{"guid":"6f0a720483a3d3e1","level":"info","message":"login"}
{"guid":"9b7ae2d378120058","level":"info","message":"login"}
{"guid":"9a4c3c0997f7bd91","level":"info","message":"login"}
{"guid":"e0faf9605a885cd6","level":"info","message":"login"}
{"guid":"d66e262b3f269602","level":"info","message":"login"}
{"guid":"65cfb2d1c8e65986","level":"info","message":"login"}
{"guid":"2952ce7cc926ae39","level":"info","message":"login"}
{"guid":"22c61f6e84e0003b","level":"info","message":"login"}
{"guid":"68732cc9902b01bc","level":"info","message":"login"}
{"guid":"3cb981495ce66154","level":"info","message":"login"}
{"guid":"a6ce14dc3f90e9ac","level":"info","message":"login"}
{"guid":"f9aef9215c3a56e9","level":"info","message":"login"}
{"guid":"8e5556e3fc89b2dd","level":"info","message":"login"}
{"guid":"451a8d1d0018d11c","level":"info","message":"login"}
{"guid":"9757235d5c8a2d22","level":"info","message":"login"}
{"guid":"f99f79fa0d8a356b","level":"info","message":"login"}
{"guid":"53e6180175de27e1","level":"info","message":"login"}
{"guid":"86ce638a08d8aa77","level":"info","message":"login"}
{"guid":"2a7ae6e869291a23","level":"info","message":"login"}
{"guid":"9575553d4217085d","level":"info","message":"login"}
{"guid":"858c2eb5b2be593c","level":"info","message":"login"}
{"guid":"13b28e3e7e4e113d","level":"info","message":"login"}
{"guid":"dd7f97be0e9207e2","level":"info","message":"login"}
{"guid":"ff3f83144d3ff843","level":"info","message":"login"}
{"guid":"587ad1b4f858a381","level":"info","message":"login"}
{"guid":"94c2306c6c2672fa","level":"info","message":"login"}
{"guid":"c9a5a9e378f8a416","level":"info","message":"login"}
{"guid":"767f4440ff01e690","level":"info","message":"login"}
{"guid":"479c51e618ce8c62","level":"info","message":"login"}
{"guid":"403eed84b84b0e5f","level":"info","message":"login"}
{"guid":"861492dc4a25e53e","level":"info","message":"login"}
{"guid":"d8cae5329356ebe8","level":"info","message":"login"}
{"guid":"74e7e2d7273db41d","level":"info","message":"login"}
{"guid":"d35d54978edbef60","level":"info","message":"login"}
{"guid":"577cb0722b958f25","level":"info","message":"login"}
{"guid":"9020ffaa3f34a403","level":"info","message":"login"}
{"guid":"aae75e64771cb022","level":"info","message":"login"}
{"guid":"d604e8ec6945091d","level":"info","message":"login"}
{"guid":"c4c3a5de8066494e","level":"info","message":"login"}
{"guid":"dc57a729b15c5a64","level":"info","message":"login"}
{"guid":"e35915422e9dea91","level":"info","message":"login"}
{"guid":"0e0700df890f3ad5","level":"info","message":"login"}
{"guid":"41b384f3f30a4632","level":"info","message":"login"}
{"guid":"5e6e478238dcd913","level":"info","message":"login"}
{"guid":"a6c581d623603ef6","level":"info","message":"login"}
{"guid":"3b85d26bce4e5239","level":"info","message":"login"}
{"guid":"9002268bd626d715","level":"info","message":"login"}
{"guid":"eb3f0aacbd777fca","level":"info","message":"login"}
{"guid":"847544a3a674adcd","level":"info","message":"login"}
{"guid":"3fe717eca897730c","level":"info","message":"login"}
{"guid":"c4c776f2b43fffd3","level":"info","message":"login"}
{"guid":"8e39b48f0cbb7d29","level":"info","message":"login"}
{"guid":"066deac1f244391c","level":"info","message":"login"}
{"guid":"a013287d346b06fe","level":"info","message":"login"}
{"guid":"bfd3fc23bd326bf6","level":"info","message":"login"}
{"guid":"e2e4b6a74d6fe821","level":"info","message":"login"}
{"guid":"ffa8c36f2a05d865","level":"info","message":"login"}
{"guid":"76b0dd62f67fad69","level":"info","message":"login"}
{"guid":"357434f2983481ac","level":"info","message":"login"}
{"guid":"592965e937c90169","level":"info","message":"login"}
{"guid":"5098a3c07f180ca6","level":"info","message":"login"}
{"guid":"135f7d79f463d7c4","level":"info","message":"login"}
{"guid":"e0653286cb99295a","level":"info","message":"login"}
{"guid":"d844c268d7e4245c","level":"info","message":"login"}
{"guid":"6798989f8da54003","level":"info","message":"login"}
{"guid":"99ae69c76416ed5b","level":"info","message":"login"}
{"guid":"c5f534cc47a09861","level":"info","message":"login"}
{"guid":"32149a098db77f1a","level":"info","message":"login"}
{"guid":"837b5d7edada86d4","level":"info","message":"login"}
{"guid":"4cd8d87e3439b60a","level":"info","message":"login"}
{"guid":"f506a0ebbca1b3bf","level":"info","message":"login"}
{"guid":"18ef45a28c474034","level":"info","message":"login"}
{"guid":"f95897195ba67b31","level":"info","message":"login"}
{"guid":"2b294fc0f8e257df","level":"info","message":"login"}
{"guid":"affa2310c693ac99","level":"info","message":"login"}
{"guid":"c9fe47651168c0a3","level":"info","message":"login"}
{"guid":"b691a43a11ededc8","level":"info","message":"login"}
{"guid":"d44da9d5d8221ff8","level":"info","message":"login"}
{"guid":"78561bc712e2473f","level":"info","message":"login"}
{"guid":"2e4a0885d5d501c2","level":"info","message":"login"}
{"guid":"3fc5ce331b37e900","level":"info","message":"login"}
{"guid":"12eaf46a55469755","level":"info","message":"login"}
{"guid":"fd65030f18633a32","level":"info","message":"login"}
{"guid":"1d179123de2e5e8e","level":"info","message":"login"}
{"guid":"510ffe6a1bce1043","level":"info","message":"login"}
{"guid":"e52d3d181f5e1f00","level":"info","message":"login"}
{"guid":"344fea8682b69368","level":"info","message":"login"}
{"guid":"007f2f0ff3200766","level":"info","message":"login"}
{"guid":"93d25ddb22b4f497","level":"info","message":"login"}
{"guid":"7c740aef321ad6e4","level":"info","message":"login"}
{"guid":"6a7d8d95bb0f495e","level":"info","message":"login"}
{"guid":"e1edfcf77b925cb3","level":"info","message":"login"}
{"guid":"6582f53338005a4d","level":"info","message":"login"}
{"guid":"c6927f71d18615a7","level":"info","message":"login"}
{"guid":"81bbb30ab74bd555","level":"info","message":"login"}
{"guid":"49fa6ccf2e488635","level":"info","message":"login"}
{"guid":"943f69a2c5752a69","level":"info","message":"login"}
{"guid":"8d4dfd11ac4f0dd2","level":"info","message":"login"}
{"guid":"94628032b003e819","level":"info","message":"login"}
{"guid":"13a043205672c92a","level":"info","message":"login"}
{"guid":"479a591b601c7809","level":"info","message":"login"}
{"guid":"c7a92c6935d6990d","level":"info","message":"login"}
{"guid":"445b7ffd38d94c22","level":"info","message":"login"}
{"guid":"4a704ac3b5523b9c","level":"info","message":"login"}
{"guid":"2ce9795cc31f37a7","level":"info","message":"login"}
{"guid":"c1dda06abb9cf138","level":"info","message":"login"}
{"guid":"d4d1299ae587a81f","level":"info","message":"login"}
{"guid":"6e0a3d0ea0d3ef0e","level":"info","message":"login"}
{"guid":"88319f34ccc1702b","level":"info","message":"login"}
{"guid":"86355c0de0e15381","level":"info","message":"login"}
{"guid":"dd523c63b1dd287a","level":"info","message":"login"}
{"guid":"878e392f53830614","level":"info","message":"login"}
{"guid":"8e10a0b4f77ac54b","level":"info","message":"login"}
{"guid":"ee29d184daa6ae21","level":"info","message":"login"}
{"guid":"d2a5f889fcd412dd","level":"info","message":"login"}
{"guid":"2c6c4e2c4851adbb","level":"info","message":"login"}
{"guid":"14e112d28436d9b4","level":"info","message":"login"}
{"guid":"d0f4beab6a1a6d16","level":"info","message":"login"}
{"guid":"948ee34c5a3357c1","level":"info","message":"login"}
{"guid":"b5032559b95803a3","level":"info","message":"login"}
{"guid":"32ee1b242b6c528c","level":"info","message":"login"}
{"guid":"cf08efb0431e0d9c","level":"info","message":"login"}
{"guid":"b26a261d1dca082b","level":"info","message":"login"}
{"guid":"f48149b22e42942a","level":"info","message":"login"}
{"guid":"966164b422e8a0e8","level":"info","message":"login"}
{"guid":"fa36f3ec18de7770","level":"info","message":"login"}
{"guid":"a94fb84437529f43","level":"info","message":"login"}
{"guid":"262401650bf0f044","level":"info","message":"login"}
{"guid":"e1c09dd3e7d0509d","level":"info","message":"login"}
{"guid":"2989d75f510c610e","level":"info","message":"login"}
{"guid":"8705495973be675a","level":"info","message":"login"}
{"guid":"d8fb3a4d95b3835c","level":"info","message":"login"}
{"guid":"7418f3bed196b873","level":"info","message":"login"}
{"guid":"60ceca2524aa86ca","level":"info","message":"login"}
{"guid":"725026634fadb747","level":"info","message":"login"}
{"guid":"44a1b055ebc3ddf7","level":"info","message":"login"}
{"guid":"8e5fe3c723f36fce","level":"info","message":"login"}
{"guid":"8c64ddfdb834bd39","level":"info","message":"login"}
{"guid":"6666a120584e3cb3","level":"info","message":"login"}
{"guid":"3f2917ea43f9f325","level":"info","message":"login"}
{"guid":"99439278eeef4e76","level":"info","message":"login"}
{"guid":"9faa8d645a90ca91","level":"info","message":"login"}
{"guid":"0b07fa66a0c54cc5","level":"info","message":"login"}
{"guid":"2a7e9c7045a20ea0","level":"info","message":"login"}
{"guid":"b073c8bd5398cf9c","level":"info","message":"login"}
{"guid":"1ad7c6b18a7ad3d0","level":"info","message":"login"}
{"guid":"50e2a8b2e323a671","level":"info","message":"login"}
{"guid":"4b22261033c51be6","level":"info","message":"login"}
{"guid":"c1ca581f8b9aa09f","level":"info","message":"login"}
{"guid":"cb4de5866c4d2214","level":"info","message":"login"}
{"guid":"f0a8f586eda37103","level":"info","message":"login"}
{"guid":"1767bf3d397d9c7b","level":"info","message":"login"}
{"guid":"baba64ff5fea59ef","level":"info","message":"login"}
{"guid":"f27660ee0b60cbb8","level":"info","message":"login"}
{"guid":"11f52171b4f1a4a3","level":"info","message":"login"}
{"guid":"2cdf092b40f13b66","level":"info","message":"login"}
{"guid":"e3d7f9e3978993d1","level":"info","message":"login"}
{"guid":"32345b2ba68107b1","level":"info","message":"login"}
{"guid":"45c7616883d1dd4f","level":"info","message":"login"}
{"guid":"dc66951ca4ead5cc","level":"info","message":"login"}
{"guid":"be9aca16bd8e27fb","level":"info","message":"login"}
{"guid":"177be141757c4a0e","level":"info","message":"login"}
{"guid":"102aebaadc56a7ef","level":"info","message":"login"}
{"guid":"2fd576c15cee991c","level":"info","message":"login"}
{"guid":"3de1d2c90975b510","level":"info","message":"login"}
{"guid":"552c950333057a0d","level":"info","message":"login"}
{"guid":"26ff9580abede9d8","level":"info","message":"login"}
{"guid":"5d14853f0f242de0","level":"info","message":"login"}
{"guid":"a207f4a031e0d89e","level":"info","message":"login"}
{"guid":"c15f9e34017158f4","level":"info","message":"login"}
{"guid":"401ac742bb3f96fe","level":"info","message":"login"}
{"guid":"c17e7be6d98ee93b","level":"info","message":"login"}
{"guid":"a78d2ca9b79fca99","level":"info","message":"login"}
{"guid":"016a96f9b35006bf","level":"info","message":"login"}
{"guid":"adcdd192d5586d8e","level":"info","message":"login"}
{"guid":"6641c9177ca6e72a","level":"info","message":"login"}
{"guid":"42acfac7c9cc0037","level":"info","message":"login"}
{"guid":"504df011ba1285e5","level":"info","message":"login"}
{"guid":"e4fe160a75c35572","level":"info","message":"login"}
{"guid":"54a5fee83a8af71f","level":"info","message":"login"}
{"guid":"ae7f25d8036e42ff","level":"info","message":"login"}
{"guid":"91cc08b298d8147b","level":"info","message":"login"}
{"guid":"dd5e963198d63683","level":"info","message":"login"}
{"guid":"e503c4556149add8","level":"info","message":"login"}
{"guid":"d7b4789d18a837d1","level":"info","message":"login"}
{"guid":"9110d628040f98e6","level":"info","message":"login"}
{"guid":"764c1cf80e7dbebc","level":"info","message":"login"}
{"guid":"9aa8862aca4d3306","level":"info","message":"login"}
{"guid":"874c5dd15701ac49","level":"info","message":"login"}
{"guid":"2842da4603393fa3","level":"info","message":"login"}
{"guid":"5d5c242d1cd3ec81","level":"info","message":"login"}
{"guid":"eacbaa5be7fa19db","level":"info","message":"login"}
{"guid":"8e01be0ace8373de","level":"info","message":"login"}
{"guid":"3e56566619d8c520","level":"info","message":"login"}
{"guid":"c5bc025db3a74007","level":"info","message":"login"}
{"guid":"29e7c6ac396eef57","level":"info","message":"login"}
{"guid":"12a56829c8aa6425","level":"info","message":"login"}
{"guid":"f933d55e4e581b4a","level":"info","message":"login"}
{"guid":"c5efe62dcadc4ec8","level":"info","message":"login"}
{"guid":"6f043c9a74292d88","level":"info","message":"login"}
{"guid":"f0628049479963c7","level":"info","message":"login"}
{"guid":"00f259bbc68bc997","level":"info","message":"login"}
{"guid":"4e05b8d35d8d403b","level":"info","message":"login"}
{"guid":"1765fdb81e5349d4","level":"info","message":"login"}
{"guid":"0bc2e770761ed315","level":"info","message":"login"}
{"guid":"064f8352b3d11bc9","level":"info","message":"login"}
{"guid":"7e34080c1073d63a","level":"info","message":"login"}
{"guid":"4b8be1eab9a5ab84","level":"info","message":"login"}
{"guid":"d60d9d49e374f2cc","level":"info","message":"login"}
{"guid":"c2b058ea0384143c","level":"info","message":"login"}
{"guid":"41683f0648b86fa8","level":"info","message":"login"}
{"guid":"5524180e3cd52076","level":"info","message":"login"}
{"guid":"dbf25beb5c1f39ab","level":"info","message":"login"}
{"rid":"area_51","level":"info","message":"defaultRoom"}
{"rid":"news","level":"info","message":"defaultRoom"}
{"rid":"poland","level":"info","message":"defaultRoom"}
{"rid":"why","level":"info","message":"defaultRoom"}
{"guid":"73ce4f77d075e2bf","level":"info","message":"login"}
{"guid":"df329a01fa1fb343","level":"info","message":"login"}
{"guid":"a15245f15fd0a389","level":"info","message":"login"}
{"guid":"0c0115853c6b4917","level":"info","message":"login"}
{"guid":"0f4b4119cdfa450d","level":"info","message":"login"}
{"guid":"52d08a855d981131","level":"info","message":"login"}
{"guid":"f01f9af74ec56de9","level":"info","message":"login"}
{"guid":"73ccd3f9c94486d3","level":"info","message":"login"}
{"guid":"4046631540f282f6","level":"info","message":"login"}
{"guid":"b8de69eb6c4fa2c5","level":"info","message":"login"}
{"guid":"9069a68330ee8c9f","level":"info","message":"login"}
{"guid":"0d712354662c8218","level":"info","message":"login"}
{"guid":"9b1a33f3bb0f5f07","level":"info","message":"login"}
{"rid":"area_51","level":"info","message":"defaultRoom"}
{"rid":"news","level":"info","message":"defaultRoom"}
{"rid":"poland","level":"info","message":"defaultRoom"}
{"rid":"why","level":"info","message":"defaultRoom"}
{"guid":"6b2fea4ec78a6835","level":"info","message":"login"}
{"guid":"1db0f77a26c6cd5f","level":"info","message":"login"}
{"guid":"f2cfea193590e694","level":"info","message":"login"}
{"guid":"53868acb12e8357f","level":"info","message":"login"}
{"guid":"26bffd60b1eaf30c","level":"info","message":"login"}
{"guid":"4f38cd76d9b64a9e","level":"info","message":"login"}
{"rid":"area_51","level":"info","message":"defaultRoom"}
{"rid":"news","level":"info","message":"defaultRoom"}
{"rid":"poland","level":"info","message":"defaultRoom"}
{"rid":"why","level":"info","message":"defaultRoom"}
{"guid":"29128eaf66960fb1","level":"info","message":"login"}
{"guid":"1f9b5b893e2f77bb","level":"info","message":"login"}
{"guid":"cdefcecdea98b15b","level":"info","message":"login"}
{"guid":"ca6ca1fd7a0261a2","level":"info","message":"login"}
{"guid":"43a727297eccca5e","level":"info","message":"login"}
{"guid":"ff6f4442a9c54651","level":"info","message":"login"}
{"guid":"9c24c60cfda42610","level":"info","message":"login"}
{"guid":"e15f2bedeb370575","level":"info","message":"login"}
{"guid":"2013f6234e9a00b6","level":"info","message":"login"}
{"rid":"area_51","level":"info","message":"defaultRoom"}
{"rid":"news","level":"info","message":"defaultRoom"}
{"rid":"poland","level":"info","message":"defaultRoom"}
{"rid":"why","level":"info","message":"defaultRoom"}
{"guid":"d9c0c4a227a72693","level":"info","message":"login"}
{"guid":"1c62fd2c929c9c95","level":"info","message":"login"}
{"guid":"24f25b1f3bafbd73","level":"info","message":"login"}
{"guid":"3d2d0e4c0ea667bb","level":"info","message":"login"}
{"guid":"f1fe23caf866b947","level":"info","message":"login"}
{"guid":"ea7fb1a8f0149ea1","level":"info","message":"login"}
{"guid":"fb21c024564627e9","level":"info","message":"login"}
{"rid":"area_51","level":"info","message":"defaultRoom"}
{"rid":"news","level":"info","message":"defaultRoom"}
{"rid":"poland","level":"info","message":"defaultRoom"}
{"rid":"why","level":"info","message":"defaultRoom"}
{"guid":"d55c09dc95fa730f","level":"info","message":"login"}
{"guid":"ee8c308589970542","level":"info","message":"login"}
{"guid":"5d47e42dae8ad69e","level":"info","message":"login"}
{"guid":"312f81ff3db1ef60","level":"info","message":"login"}
{"guid":"bf8a27f1c24c8ffd","level":"info","message":"login"}
{"guid":"2e7a66111fec71ca","level":"info","message":"login"}
{"guid":"c9d28e2f310113f7","level":"info","message":"login"}
{"guid":"ffeb4d0083ef0805","level":"info","message":"login"}
{"guid":"9efee27bfc936723","level":"info","message":"login"}
{"guid":"3c0b9378c2b7df83","level":"info","message":"login"}
{"guid":"4b839e2df892d22f","level":"info","message":"login"}
{"guid":"9f21269712026438","level":"info","message":"login"}
{"guid":"e78001185a4e9a63","level":"info","message":"login"}
{"guid":"6a986cd2aab9c75a","level":"info","message":"login"}
{"guid":"0ac603ce85128c45","level":"info","message":"login"}
{"guid":"e80d274d69f93786","level":"info","message":"login"}
{"guid":"6c65ceb136bf4698","level":"info","message":"login"}
{"guid":"0642e7301989d181","level":"info","message":"login"}
{"guid":"ddc98aa3a9fdfc8e","level":"info","message":"login"}
{"guid":"5105f0e66becc254","level":"info","message":"login"}
{"guid":"1886dc1665b109a1","level":"info","message":"login"}
{"guid":"74d5c1a6edb689ed","level":"info","message":"login"}
{"guid":"f42f370a23823f08","level":"info","message":"login"}
{"guid":"61eccec6d5efe240","level":"info","message":"login"}
{"guid":"801d9e80f45a7308","level":"info","message":"login"}
{"guid":"bc48558b8f826ba1","level":"info","message":"login"}
{"guid":"68ac9deda5a97c1e","level":"info","message":"login"}
{"guid":"ab957270596b0b2d","level":"info","message":"login"}
{"guid":"02cb19b0a84079f4","level":"info","message":"login"}
{"guid":"f26382a40e65c93e","level":"info","message":"login"}
{"guid":"3b17b8df5ea5baa2","level":"info","message":"login"}
{"guid":"f5b1b97decc70950","level":"info","message":"login"}
{"guid":"573f2900b6d194a5","level":"info","message":"login"}
{"guid":"ff25c712092b6702","level":"info","message":"login"}
{"guid":"25d21399c286428b","level":"info","message":"login"}
{"guid":"5aeba67c517cd466","level":"info","message":"login"}
{"guid":"5431d55c7bfc35c2","level":"info","message":"login"}
{"guid":"22488802aaec56be","level":"info","message":"login"}
{"guid":"7378e6d623909d9a","level":"info","message":"login"}
{"rid":"area_51","level":"info","message":"defaultRoom"}
{"rid":"news","level":"info","message":"defaultRoom"}
{"rid":"poland","level":"info","message":"defaultRoom"}
{"rid":"why","level":"info","message":"defaultRoom"}
{"guid":"04a3a3557832c603","level":"info","message":"login"}
{"guid":"67644aad960b7e4b","level":"info","message":"login"}
{"guid":"01a372df18ef7c74","level":"info","message":"login"}
{"guid":"32be15fd64b8b03d","level":"info","message":"login"}
{"guid":"82e4b05325b5a653","level":"info","message":"login"}
{"guid":"2ee598d08c6c2b19","level":"info","message":"login"}
{"guid":"d9849e118f9a7eb8","level":"info","message":"login"}
{"guid":"fee5ffda9ef06845","level":"info","message":"login"}
{"guid":"41d7a25e9b20dacc","level":"info","message":"login"}
{"guid":"70a3ec2bafaad91c","level":"info","message":"login"}
{"guid":"bc8ad7dda8b2cf87","level":"info","message":"login"}
{"guid":"7a0dd2100324c0b2","level":"info","message":"login"}
{"guid":"5f5f77a0640a9806","level":"info","message":"login"}
{"guid":"22fbb9eae1f9cd12","level":"info","message":"login"}
{"guid":"f6f8056b81578e73","level":"info","message":"login"}
{"guid":"fd8534f3f885771e","level":"info","message":"login"}
{"guid":"5f4aba223be3dec3","level":"info","message":"login"}
{"guid":"e66784f2503a1958","level":"info","message":"login"}
{"guid":"cf0fa78398b62fdf","level":"info","message":"login"}
{"guid":"6afc7ae4d630907e","level":"info","message":"login"}
{"guid":"f85c20c4b7c46fb9","level":"info","message":"login"}
{"guid":"ca375abe1a68dd19","level":"info","message":"login"}
{"guid":"60ed14a443b189b7","level":"info","message":"login"}
{"guid":"c33b1e6d858c5104","level":"info","message":"login"}
{"guid":"cf9fa9af71882349","level":"info","message":"login"}
{"guid":"301f02bfabf7ccf6","level":"info","message":"login"}
{"guid":"992997d675888a38","level":"info","message":"login"}
{"guid":"12e4857909d09671","level":"info","message":"login"}
{"guid":"6583c432ce8717fd","level":"info","message":"login"}
{"guid":"b0d24f4c4dbb6185","level":"info","message":"login"}
{"guid":"79fb8873eca56e68","level":"info","message":"login"}
{"guid":"cfb5bd99c2b3f233","level":"info","message":"login"}
{"guid":"4c25a2ac8ce6c74e","level":"info","message":"login"}
{"guid":"f18c0a54c43459ad","level":"info","message":"login"}
{"guid":"8f8f928e398fdf4b","level":"info","message":"login"}
{"guid":"be4c504bddb41df1","level":"info","message":"login"}
{"guid":"9c5b9a0b1a92877b","level":"info","message":"login"}
{"guid":"14f341f381164c97","level":"info","message":"login"}
{"guid":"6f75c9fd81fe32b4","level":"info","message":"login"}
{"guid":"7cb614c74a9d5995","level":"info","message":"login"}
{"guid":"66e6139c23a13e02","level":"info","message":"login"}
{"guid":"732a74164d8af5df","level":"info","message":"login"}
{"guid":"2d7a545fbf31531d","level":"info","message":"login"}
{"guid":"aa221c044b30f705","level":"info","message":"login"}
{"guid":"7eb8a5738600b7ef","level":"info","message":"login"}
{"guid":"33d971265f07598d","level":"info","message":"login"}
{"guid":"0d8e851e6fac78f3","level":"info","message":"login"}
{"guid":"659111aa7c969245","level":"info","message":"login"}
{"guid":"bb76cde030c6441a","level":"info","message":"login"}
{"guid":"975fbd8d32c68b2a","level":"info","message":"login"}
{"guid":"fa0feef30d21950c","level":"info","message":"login"}
{"guid":"6d517b0ce686aef9","level":"info","message":"login"}
{"rid":"area_51","level":"info","message":"defaultRoom"}
{"rid":"news","level":"info","message":"defaultRoom"}
{"rid":"poland","level":"info","message":"defaultRoom"}
{"rid":"why","level":"info","message":"defaultRoom"}
{"guid":"dd47a4c746ad6754","level":"info","message":"login"}
{"guid":"af35851647347445","level":"info","message":"login"}
{"guid":"ff257a7df25383d3","level":"info","message":"login"}
{"guid":"cc324621c29c3254","level":"info","message":"login"}
{"guid":"fd4b249409ef6d55","level":"info","message":"login"}
{"guid":"4115e1f1d24895f6","level":"info","message":"login"}
{"guid":"cc50580916955010","level":"info","message":"login"}
{"guid":"e8a510c735f700bf","level":"info","message":"login"}
{"guid":"bf2932d35dd44737","level":"info","message":"login"}
{"guid":"8be0844123ad2cf9","level":"info","message":"login"}
{"guid":"b1ba77fc2fc278d3","level":"info","message":"login"}
{"guid":"c6029ecdb7008311","level":"info","message":"login"}
{"guid":"aed9ceffc849f51a","level":"info","message":"login"}
{"guid":"3e6d1b08c477ffc6","level":"info","message":"login"}
{"guid":"a4fe176d1040790b","level":"info","message":"login"}
{"guid":"c2b0c7f1beba5e4a","level":"info","message":"login"}
{"guid":"ee591a8961488ef3","level":"info","message":"login"}
{"guid":"9ad446236b9ce6e3","level":"info","message":"login"}
{"guid":"54b1feb6a1a713d6","level":"info","message":"login"}
{"guid":"e8532e31306dbcec","level":"info","message":"login"}
{"guid":"4063873a99c506fc","level":"info","message":"login"}
{"guid":"ae33b43689dca367","level":"info","message":"login"}
{"guid":"6f9c1e420877f676","level":"info","message":"login"}
{"guid":"b18425a8cfd4d4aa","level":"info","message":"login"}
{"rid":"area_51","level":"info","message":"defaultRoom"}
{"rid":"news","level":"info","message":"defaultRoom"}
{"rid":"poland","level":"info","message":"defaultRoom"}
{"rid":"why","level":"info","message":"defaultRoom"}
{"guid":"351add36455dbd67","level":"info","message":"login"}
{"guid":"7d0c1e9dea8bd092","level":"info","message":"login"}
{"guid":"c095ee208b045741","level":"info","message":"login"}
{"guid":"317b639f83ac61c9","level":"info","message":"login"}
{"guid":"00c50e4a2b85d58a","level":"info","message":"login"}
{"guid":"2bfb1dda3d3b00bb","level":"info","message":"login"}
{"guid":"b9d4149dd3b50808","level":"info","message":"login"}
{"guid":"a87a73294103ba90","level":"info","message":"login"}
{"guid":"6f8811772209625a","level":"info","message":"login"}
{"guid":"eb7892084879ed19","level":"info","message":"login"}
{"guid":"a816e129e0dca5aa","level":"info","message":"login"}
{"guid":"a439006420f5e0fb","level":"info","message":"login"}
{"guid":"89b9f5c5982e4e6c","level":"info","message":"login"}
{"guid":"659da3153ea5594b","level":"info","message":"login"}
{"guid":"5af3d77d52a637de","level":"info","message":"login"}
{"guid":"d2988a9f06c15591","level":"info","message":"login"}
